// Jest Snapshot v1, https://goo.gl/fbAQLP

exports[`Component render testing Home Page perfectly 1`] = `
<DocumentFragment>
  <h1>
    City Details
  </h1>
</DocumentFragment>
`;
